
> mf-xirr-tracker-frontend@1.0.0 test
> vitest run


[7m[1m[36m RUN [39m[22m[27m [36mv1.6.1[39m [90mD:/Hari-folder/ProjectCode-Research/ProjectCode/MutualFund-Return-Tracker-IDD/MutualFund-Return-Tracker-IDD/frontend[39m

 [33mΓ¥»[39m tests/components/SummaryMetrics.test.jsx [2m ([22m[2m23 tests[22m [2m|[22m [31m1 failed[39m[2m)[22m[33m 343[2mms[22m[39m
[31m   [33mΓ¥»[31m tests/components/SummaryMetrics.test.jsx[2m > [22mSummaryMetrics Component[2m > [22mEdge Cases[2m > [22mhandles fractional amounts (rounded to 2dp)[39m
[31m     ΓåÆ expected 'Γé╣1,000.56' to match /\.00$/[39m
node.exe : [90mstderr[2m | tests/components/TransactionGrid.test.jsx[2m > [22m[2mTransactionGrid Component[2m > 
[22m[2mRendering[2m > [22m[2mrenders table with all transactions[22m[39m
At line:1 char:1
+ & "C:\Program Files\nodejs/node.exe" "C:\Program Files\nodejs/node_mo ...
+ ~~~~~~~~~~~~~~~~~~~~~~~~~~~~~~~~~~~~~~~~~~~~~~~~~~~~~~~~~~~~~~~~~~~~~
    + CategoryInfo          : NotSpecified: ([90mstderr[2m...tions[22m[39m:String) [], RemoteException
    + FullyQualifiedErrorId : NativeCommandError
 
Warning: validateDOMNesting(...): Whitespace text nodes cannot appear as a child of <colgroup>. Make sure you don't 
have any extra whitespace between tags on each line of your source code.
    at colgroup
    at table
    at div
    at div
    at TransactionGrid (D:\Hari-folder\ProjectCode-Research\ProjectCode\MutualFund-Return-Tracker-IDD\MutualFund-Return
-Tracker-IDD\frontend\src\components\TransactionGrid.jsx:14:28)


 [32mΓ£ô[39m tests/components/TransactionGrid.test.jsx [2m ([22m[2m23 tests[22m[2m)[22m[33m 815[2mms[22m[39m
 [32mΓ£ô[39m tests/components/ErrorBanner.test.jsx [2m ([22m[2m22 tests[22m[2m)[22m[33m 574[2mms[22m[39m
[90mstdout[2m | tests/hooks/useApi.test.js[2m > [22m[2museApi Hook[2m > [22m[2mSuccessful Upload[2m > [22m[2mexecutes upload and returns data[22m[39m
[INFO] API call succeeded

[90mstderr[2m | tests/hooks/useApi.test.js[2m > [22m[2museApi Hook[2m > [22m[2mSuccessful Upload[2m > 
[22m[2mclears previous error before each execute[22m[39m
[ERROR] API call failed: { message: [32m'First error'[39m, detail: [1mnull[22m, status: [1mnull[22m }


[90mstderr[2m | tests/hooks/useApi.test.js[2m > [22m[2museApi Hook[2m > [22m[2mSuccessful Upload[2m > 
[22m[2mclears previous error before each execute[22m[39m
<empty line>

[90mstdout[2m | tests/hooks/useApi.test.js[2m > [22m[2museApi Hook[2m > [22m[2mSuccessful Upload[2m > [22m[2mclears previous error before each execute[22m[39m
[INFO] API call succeeded

[90mstderr[2m | tests/hooks/useApi.test.js[2m > [22m[2museApi Hook[2m > [22m[2mNetwork Error Handling[2m > 
[22m[2mcatches network errors and sets error state with user-friendly message[22m[39m
[ERROR] API call failed: { message: [32m'Failed to fetch'[39m, detail: [1mnull[22m, status: [1mnull[22m }


[90mstderr[2m | tests/hooks/useApi.test.js[2m > [22m[2museApi Hook[2m > [22m[2mNetwork Error Handling[2m > 
[22m[2mincludes status code in error object if available[22m[39m
[ERROR] API call failed: { message: [32m'Bad Request'[39m, detail: [32m'Row 5: Invalid date'[39m, status: 
[33m400[39m }


[90mstderr[2m | tests/hooks/useApi.test.js[2m > [22m[2museApi Hook[2m > [22m[2mError State[2m > [22m[2msets 
error state when API throws[22m[39m
[ERROR] API call failed: { message: [32m'Server error'[39m, detail: [1mnull[22m, status: [1mnull[22m }


[90mstdout[2m | tests/hooks/useApi.test.js[2m > [22m[2museApi Hook[2m > [22m[2mError State[2m > [22m[2mclears data when error occurs[22m[39m
[INFO] API call succeeded

[90mstdout[2m | tests/hooks/useApi.test.js[2m > [22m[2museApi Hook[2m > [22m[2mError State[2m > [22m[2mclears data when error occurs[22m[39m
<empty line>
[90mstderr[2m | tests/hooks/useApi.test.js[2m > [22m[2museApi Hook[2m > [22m[2mError State[2m > 
[22m[2mclears data when error occurs[22m[39m
[ERROR] API call failed: { message: [32m'Api error'[39m, detail: [1mnull[22m, status: [1mnull[22m }


[90mstdout[2m | tests/hooks/useApi.test.js[2m > [22m[2museApi Hook[2m > [22m[2mLoading State[2m > [22m[2msets isLoading=true during execution[22m[39m
[INFO] API call succeeded

[90mstdout[2m | tests/hooks/useApi.test.js[2m > [22m[2museApi Hook[2m > [22m[2mMultiple Executions[2m > [22m[2mhandles multiple sequential uploads[22m[39m
[INFO] API call succeeded

[90mstdout[2m | tests/hooks/useApi.test.js[2m > [22m[2museApi Hook[2m > [22m[2mMultiple Executions[2m > [22m[2mhandles multiple sequential uploads[22m[39m
[INFO] API call succeeded

[90mstderr[2m | tests/hooks/useApi.test.js[2m > [22m[2museApi Hook[2m > [22m[2mError Rethrow[2m > 
[22m[2mrethrows error after setting state[22m[39m
[ERROR] API call failed: { message: [32m'Test error'[39m, detail: [1mnull[22m, status: [1mnull[22m }


 [32mΓ£ô[39m tests/hooks/useApi.test.js [2m ([22m[2m10 tests[22m[2m)[22m[33m 432[2mms[22m[39m
[90mstdout[2m | tests/hooks/useFileUpload.test.js[2m > [22m[2museFileUpload Hook[2m > [22m[2mFile Validation[2m > [22m[2maccepts valid .xlsx file[22m[39m
[INFO] File validation passed, starting upload

[90mstderr[2m | tests/hooks/useFileUpload.test.js[2m > [22m[2museFileUpload Hook[2m > [22m[2mFile 
Validation[2m > [22m[2maccepts valid .xlsx file[22m[39m
Warning: An update to TestComponent inside a test was not wrapped in act(...).

When testing, code that causes React state updates should be wrapped into act(...):

act(() => {
  /* fire events that update state */
});
/* assert on the output */

This ensures that you're testing the behavior the user would see in the browser. Learn more at 
https://reactjs.org/link/wrap-tests-with-act
    at TestComponent (D:\Hari-folder\ProjectCode-Research\ProjectCode\MutualFund-Return-Tracker-IDD\MutualFund-Return-T
racker-IDD\frontend\node_modules\@testing-library\react\dist\pure.js:307:5)
Warning: An update to TestComponent inside a test was not wrapped in act(...).

When testing, code that causes React state updates should be wrapped into act(...):

act(() => {
  /* fire events that update state */
});
/* assert on the output */

This ensures that you're testing the behavior the user would see in the browser. Learn more at 
https://reactjs.org/link/wrap-tests-with-act
    at TestComponent (D:\Hari-folder\ProjectCode-Research\ProjectCode\MutualFund-Return-Tracker-IDD\MutualFund-Return-T
racker-IDD\frontend\node_modules\@testing-library\react\dist\pure.js:307:5)
[ERROR] File upload failed


[90mstdout[2m | tests/hooks/useFileUpload.test.js[2m > [22m[2museFileUpload Hook[2m > [22m[2mState Machine: idle ΓåÆ loading ΓåÆ skeleton ΓåÆ success[2m > [22m[2mtransitions to loading immediately after valid file[22m[39m
[INFO] File validation passed, starting upload

[90mstderr[2m | tests/hooks/useFileUpload.test.js[2m > [22m[2museFileUpload Hook[2m > [22m[2mState Machine: 
idle ΓåÆ loading ΓåÆ skeleton ΓåÆ success[2m > [22m[2mtransitions to loading immediately after valid file[22m[39m
Warning: An update to TestComponent inside a test was not wrapped in act(...).

When testing, code that causes React state updates should be wrapped into act(...):

act(() => {
  /* fire events that update state */
});
/* assert on the output */

This ensures that you're testing the behavior the user would see in the browser. Learn more at 
https://reactjs.org/link/wrap-tests-with-act
    at TestComponent (D:\Hari-folder\ProjectCode-Research\ProjectCode\MutualFund-Return-Tracker-IDD\MutualFund-Return-T
racker-IDD\frontend\node_modules\@testing-library\react\dist\pure.js:307:5)
Warning: An update to TestComponent inside a test was not wrapped in act(...).

When testing, code that causes React state updates should be wrapped into act(...):

act(() => {
  /* fire events that update state */
});
/* assert on the output */

This ensures that you're testing the behavior the user would see in the browser. Learn more at 
https://reactjs.org/link/wrap-tests-with-act
    at TestComponent (D:\Hari-folder\ProjectCode-Research\ProjectCode\MutualFund-Return-Tracker-IDD\MutualFund-Return-T
racker-IDD\frontend\node_modules\@testing-library\react\dist\pure.js:307:5)
[ERROR] File upload failed


[90mstdout[2m | tests/hooks/useFileUpload.test.js[2m > [22m[2museFileUpload Hook[2m > [22m[2mState Machine: idle ΓåÆ loading ΓåÆ skeleton ΓåÆ success[2m > [22m[2mtransitions to skeleton after 2 seconds[22m[39m
[INFO] File validation passed, starting upload
[INFO] Transitioning to skeleton state

[90mstderr[2m | tests/hooks/useFileUpload.test.js[2m > [22m[2museFileUpload Hook[2m > [22m[2mState Machine: 
idle ΓåÆ loading ΓåÆ skeleton ΓåÆ success[2m > [22m[2mtransitions to skeleton after 2 seconds[22m[39m
Warning: An update to TestComponent inside a test was not wrapped in act(...).

When testing, code that causes React state updates should be wrapped into act(...):

act(() => {
  /* fire events that update state */
});
/* assert on the output */

This ensures that you're testing the behavior the user would see in the browser. Learn more at 
https://reactjs.org/link/wrap-tests-with-act
    at TestComponent (D:\Hari-folder\ProjectCode-Research\ProjectCode\MutualFund-Return-Tracker-IDD\MutualFund-Return-T
racker-IDD\frontend\node_modules\@testing-library\react\dist\pure.js:307:5)
Warning: An update to TestComponent inside a test was not wrapped in act(...).

When testing, code that causes React state updates should be wrapped into act(...):

act(() => {
  /* fire events that update state */
});
/* assert on the output */

This ensures that you're testing the behavior the user would see in the browser. Learn more at 
https://reactjs.org/link/wrap-tests-with-act
    at TestComponent (D:\Hari-folder\ProjectCode-Research\ProjectCode\MutualFund-Return-Tracker-IDD\MutualFund-Return-T
racker-IDD\frontend\node_modules\@testing-library\react\dist\pure.js:307:5)
[ERROR] File upload failed


[90mstdout[2m | tests/hooks/useFileUpload.test.js[2m > [22m[2museFileUpload Hook[2m > [22m[2mState Machine: idle ΓåÆ loading ΓåÆ skeleton ΓåÆ success[2m > [22m[2mtransitions to success when API responds (before skeleton timer)[22m[39m
[INFO] File validation passed, starting upload

[90mstderr[2m | tests/hooks/useFileUpload.test.js[2m > [22m[2museFileUpload Hook[2m > [22m[2mState Machine: 
idle ΓåÆ loading ΓåÆ skeleton ΓåÆ success[2m > [22m[2mtransitions to success when API responds (before skeleton 
timer)[22m[39m
[ERROR] File upload failed


[90mstderr[2m | tests/components/UploadArea.test.jsx[2m > [22m[2mUploadArea Component[2m > [22m[2mValidation 
Error Display[2m > [22m[2mdisplays error message for oversized file[22m[39m
Warning: An update to UploadArea inside a test was not wrapped in act(...).

When testing, code that causes React state updates should be wrapped into act(...):

act(() => {
  /* fire events that update state */
});
/* assert on the output */

This ensures that you're testing the behavior the user would see in the browser. Learn more at 
https://reactjs.org/link/wrap-tests-with-act
    at UploadArea (D:\Hari-folder\ProjectCode-Research\ProjectCode\MutualFund-Return-Tracker-IDD\MutualFund-Return-Trac
ker-IDD\frontend\src\components\UploadArea.jsx:11:23)


[90mstderr[2m | tests/components/UploadArea.test.jsx[2m > [22m[2mUploadArea Component[2m > [22m[2mFile 
Validation Integration[2m > [22m[2mrejects files larger than 10MB[22m[39m
Warning: An update to UploadArea inside a test was not wrapped in act(...).

When testing, code that causes React state updates should be wrapped into act(...):

act(() => {
  /* fire events that update state */
});
/* assert on the output */

This ensures that you're testing the behavior the user would see in the browser. Learn more at 
https://reactjs.org/link/wrap-tests-with-act
    at UploadArea (D:\Hari-folder\ProjectCode-Research\ProjectCode\MutualFund-Return-Tracker-IDD\MutualFund-Return-Trac
ker-IDD\frontend\src\components\UploadArea.jsx:11:23)


 [32mΓ£ô[39m tests/components/UploadArea.test.jsx [2m ([22m[2m15 tests[22m[2m)[22m[33m 2226[2mms[22m[39m
[90mstdout[2m | tests/services/api.test.js[2m > [22m[2mAPI Client[2m > [22m[2muploadFile()[2m > [22m[2msuccessfully uploads a file and returns response[22m[39m
[INFO] Uploading file to /api/upload
[INFO] Upload successful

[90mstdout[2m | tests/services/api.test.js[2m > [22m[2mAPI Client[2m > [22m[2muploadFile()[2m > [22m[2mthrows error with backend message on 400 validation error[22m[39m
[INFO] Uploading file to /api/upload

[90mstderr[2m | tests/services/api.test.js[2m > [22m[2mAPI Client[2m > [22m[2muploadFile()[2m > 
[22m[2mthrows error with backend message on 400 validation error[22m[39m
[WARN] Upload failed: [33m400[39m File validation failed


[90mstdout[2m | tests/services/api.test.js[2m > [22m[2mAPI Client[2m > [22m[2muploadFile()[2m > [22m[2mthrows error on 413 file too large[22m[39m
[INFO] Uploading file to /api/upload

[90mstderr[2m | tests/services/api.test.js[2m > [22m[2mAPI Client[2m > [22m[2muploadFile()[2m > 
[22m[2mthrows error on 413 file too large[22m[39m
[WARN] Upload failed: [33m413[39m File too large


[90mstdout[2m | tests/services/api.test.js[2m > [22m[2mAPI Client[2m > [22m[2muploadFile()[2m > [22m[2mthrows error on 500 server error (XIRR convergence)[22m[39m
[INFO] Uploading file to /api/upload

[90mstderr[2m | tests/services/api.test.js[2m > [22m[2mAPI Client[2m > [22m[2muploadFile()[2m > 
[22m[2mthrows error on 500 server error (XIRR convergence)[22m[39m
[WARN] Upload failed: [33m500[39m Cannot calculate XIRR


[90mstdout[2m | tests/services/api.test.js[2m > [22m[2mAPI Client[2m > [22m[2muploadFile()[2m > [22m[2mthrows user-friendly error on network failure[22m[39m
[INFO] Uploading file to /api/upload

[90mstderr[2m | tests/services/api.test.js[2m > [22m[2mAPI Client[2m > [22m[2muploadFile()[2m > 
[22m[2mthrows user-friendly error on network failure[22m[39m
[ERROR] Network error during upload: TypeError: Failed to fetch
    at [90mD:\Hari-folder\ProjectCode-Research\ProjectCode\MutualFund-Return-Tracker-IDD\MutualFund-Return-Tracker-IDD
\frontend\[39mtests\services\api.test.js:129:9
    at [90mfile:///D:/Hari-folder/ProjectCode-Research/ProjectCode/MutualFund-Return-Tracker-IDD/MutualFund-Return-Tra
cker-IDD/frontend/[39mnode_modules/[4m@vitest/runner[24m/dist/index.js:135:14
    at [90mfile:///D:/Hari-folder/ProjectCode-Research/ProjectCode/MutualFund-Return-Tracker-IDD/MutualFund-Return-Tra
cker-IDD/frontend/[39mnode_modules/[4m@vitest/runner[24m/dist/index.js:60:26
    at runTest [90m(file:///D:/Hari-folder/ProjectCode-Research/ProjectCode/MutualFund-Return-Tracker-IDD/MutualFund-R
eturn-Tracker-IDD/frontend/[39mnode_modules/[4m@vitest/runner[24m/dist/index.js:781:17[90m)[39m
    at runSuite [90m(file:///D:/Hari-folder/ProjectCode-Research/ProjectCode/MutualFund-Return-Tracker-IDD/MutualFund-
Return-Tracker-IDD/frontend/[39mnode_modules/[4m@vitest/runner[24m/dist/index.js:909:15[90m)[39m
    at runSuite [90m(file:///D:/Hari-folder/ProjectCode-Research/ProjectCode/MutualFund-Return-Tracker-IDD/MutualFund-
Return-Tracker-IDD/frontend/[39mnode_modules/[4m@vitest/runner[24m/dist/index.js:909:15[90m)[39m
    at runSuite [90m(file:///D:/Hari-folder/ProjectCode-Research/ProjectCode/MutualFund-Return-Tracker-IDD/MutualFund-
Return-Tracker-IDD/frontend/[39mnode_modules/[4m@vitest/runner[24m/dist/index.js:909:15[90m)[39m
    at runFiles [90m(file:///D:/Hari-folder/ProjectCode-Research/ProjectCode/MutualFund-Return-Tracker-IDD/MutualFund-
Return-Tracker-IDD/frontend/[39mnode_modules/[4m@vitest/runner[24m/dist/index.js:958:5[90m)[39m
    at startTests [90m(file:///D:/Hari-folder/ProjectCode-Research/ProjectCode/MutualFund-Return-Tracker-IDD/MutualFun
d-Return-Tracker-IDD/frontend/[39mnode_modules/[4m@vitest/runner[24m/dist/index.js:967:3[90m)[39m
    at [90mfile:///D:/Hari-folder/ProjectCode-Research/ProjectCode/MutualFund-Return-Tracker-IDD/MutualFund-Return-Tra
cker-IDD/frontend/[39mnode_modules/[4mvitest[24m/dist/chunks/runtime-runBaseTests.oAvMKtQC.js:116:7


[90mstdout[2m | tests/services/api.test.js[2m > [22m[2mAPI Client[2m > [22m[2muploadFile()[2m > [22m[2mhandles non-JSON response body gracefully (proxy 502)[22m[39m
[INFO] Uploading file to /api/upload

[90mstderr[2m | tests/services/api.test.js[2m > [22m[2mAPI Client[2m > [22m[2muploadFile()[2m > 
[22m[2mhandles non-JSON response body gracefully (proxy 502)[22m[39m
[WARN] Upload failed: [33m502[39m Unexpected server error (HTTP 502). Please try again.


[90mstdout[2m | tests/services/api.test.js[2m > [22m[2mAPI Client[2m > [22m[2muploadFile()[2m > [22m[2muses FormData to send file[22m[39m
[INFO] Uploading file to /api/upload
[INFO] Upload successful

[90mstdout[2m | tests/services/api.test.js[2m > [22m[2mAPI Client[2m > [22m[2muploadFile()[2m > [22m[2muses POST method[22m[39m
[INFO] Uploading file to /api/upload
[INFO] Upload successful

 [32mΓ£ô[39m tests/services/api.test.js [2m ([22m[2m8 tests[22m[2m)[22m[90m 41[2mms[22m[39m
 [32mΓ£ô[39m tests/components/XirrDisplay.test.jsx [2m ([22m[2m23 tests[22m[2m)[22m[90m 189[2mms[22m[39m
 [32mΓ£ô[39m tests/services/formatting.test.js [2m ([22m[2m31 tests[22m[2m)[22m[90m 19[2mms[22m[39m
[90mstdout[2m | tests/hooks/useFileUpload.test.js[2m > [22m[2museFileUpload Hook[2m > [22m[2mError State[2m > [22m[2mhandles API errors[22m[39m
[INFO] File validation passed, starting upload

[90mstderr[2m | tests/hooks/useFileUpload.test.js[2m > [22m[2museFileUpload Hook[2m > [22m[2mError State[2m > 
[22m[2mhandles API errors[22m[39m
[ERROR] File upload failed


[90mstdout[2m | tests/hooks/useFileUpload.test.js[2m > [22m[2museFileUpload Hook[2m > [22m[2mError Recovery[2m > [22m[2mresets to idle state when calling reset()[22m[39m
[INFO] Upload state reset to idle

[90mstdout[2m | tests/hooks/useFileUpload.test.js[2m > [22m[2museFileUpload Hook[2m > [22m[2mError Recovery[2m > [22m[2mallows retry after error[22m[39m
[INFO] Upload state reset to idle
[INFO] File validation passed, starting upload

[90mstderr[2m | tests/hooks/useFileUpload.test.js[2m > [22m[2museFileUpload Hook[2m > [22m[2mError 
Recovery[2m > [22m[2mallows retry after error[22m[39m
Warning: An update to TestComponent inside a test was not wrapped in act(...).

When testing, code that causes React state updates should be wrapped into act(...):

act(() => {
  /* fire events that update state */
});
/* assert on the output */

This ensures that you're testing the behavior the user would see in the browser. Learn more at 
https://reactjs.org/link/wrap-tests-with-act
    at TestComponent (D:\Hari-folder\ProjectCode-Research\ProjectCode\MutualFund-Return-Tracker-IDD\MutualFund-Return-T
racker-IDD\frontend\node_modules\@testing-library\react\dist\pure.js:307:5)
Warning: An update to TestComponent inside a test was not wrapped in act(...).

When testing, code that causes React state updates should be wrapped into act(...):

act(() => {
  /* fire events that update state */
});
/* assert on the output */

This ensures that you're testing the behavior the user would see in the browser. Learn more at 
https://reactjs.org/link/wrap-tests-with-act
    at TestComponent (D:\Hari-folder\ProjectCode-Research\ProjectCode\MutualFund-Return-Tracker-IDD\MutualFund-Return-T
racker-IDD\frontend\node_modules\@testing-library\react\dist\pure.js:307:5)
[ERROR] File upload failed


[90mstdout[2m | tests/hooks/useFileUpload.test.js[2m > [22m[2museFileUpload Hook[2m > [22m[2misLoading Convenience Flag[2m > [22m[2mis true during loading state[22m[39m
[INFO] File validation passed, starting upload

[90mstderr[2m | tests/hooks/useFileUpload.test.js[2m > [22m[2museFileUpload Hook[2m > [22m[2misLoading 
Convenience Flag[2m > [22m[2mis true during loading state[22m[39m
Warning: An update to TestComponent inside a test was not wrapped in act(...).

When testing, code that causes React state updates should be wrapped into act(...):

act(() => {
  /* fire events that update state */
});
/* assert on the output */

This ensures that you're testing the behavior the user would see in the browser. Learn more at 
https://reactjs.org/link/wrap-tests-with-act
    at TestComponent (D:\Hari-folder\ProjectCode-Research\ProjectCode\MutualFund-Return-Tracker-IDD\MutualFund-Return-T
racker-IDD\frontend\node_modules\@testing-library\react\dist\pure.js:307:5)
Warning: An update to TestComponent inside a test was not wrapped in act(...).

When testing, code that causes React state updates should be wrapped into act(...):

act(() => {
  /* fire events that update state */
});
/* assert on the output */

This ensures that you're testing the behavior the user would see in the browser. Learn more at 
https://reactjs.org/link/wrap-tests-with-act
    at TestComponent (D:\Hari-folder\ProjectCode-Research\ProjectCode\MutualFund-Return-Tracker-IDD\MutualFund-Return-T
racker-IDD\frontend\node_modules\@testing-library\react\dist\pure.js:307:5)
[ERROR] File upload failed


[90mstdout[2m | tests/hooks/useFileUpload.test.js[2m > [22m[2museFileUpload Hook[2m > [22m[2misLoading Convenience Flag[2m > [22m[2mis true during skeleton state[22m[39m
[INFO] File validation passed, starting upload
[INFO] Transitioning to skeleton state

[90mstderr[2m | tests/hooks/useFileUpload.test.js[2m > [22m[2museFileUpload Hook[2m > [22m[2misLoading 
Convenience Flag[2m > [22m[2mis true during skeleton state[22m[39m
Warning: An update to TestComponent inside a test was not wrapped in act(...).

When testing, code that causes React state updates should be wrapped into act(...):

act(() => {
  /* fire events that update state */
});
/* assert on the output */

This ensures that you're testing the behavior the user would see in the browser. Learn more at 
https://reactjs.org/link/wrap-tests-with-act
    at TestComponent (D:\Hari-folder\ProjectCode-Research\ProjectCode\MutualFund-Return-Tracker-IDD\MutualFund-Return-T
racker-IDD\frontend\node_modules\@testing-library\react\dist\pure.js:307:5)
Warning: An update to TestComponent inside a test was not wrapped in act(...).

When testing, code that causes React state updates should be wrapped into act(...):

act(() => {
  /* fire events that update state */
});
/* assert on the output */

This ensures that you're testing the behavior the user would see in the browser. Learn more at 
https://reactjs.org/link/wrap-tests-with-act
    at TestComponent (D:\Hari-folder\ProjectCode-Research\ProjectCode\MutualFund-Return-Tracker-IDD\MutualFund-Return-T
racker-IDD\frontend\node_modules\@testing-library\react\dist\pure.js:307:5)
[ERROR] File upload failed


[90mstdout[2m | tests/hooks/useFileUpload.test.js[2m > [22m[2museFileUpload Hook[2m > [22m[2mCleanup[2m > [22m[2mclears skeleton timeout on unmount[22m[39m
[INFO] File validation passed, starting upload

[90mstderr[2m | tests/hooks/useFileUpload.test.js[2m > [22m[2museFileUpload Hook[2m > [22m[2mCleanup[2m > 
[22m[2mclears skeleton timeout on unmount[22m[39m
[ERROR] File upload failed


 [33mΓ¥»[39m tests/hooks/useFileUpload.test.js [2m ([22m[2m14 tests[22m [2m|[22m [31m1 failed[39m[2m)[22m[33m 6186[2mms[22m[39m
[31m   [33mΓ¥»[31m tests/hooks/useFileUpload.test.js[2m > [22museFileUpload Hook[2m > [22mState Machine: idle ΓåÆ loading ΓåÆ skeleton ΓåÆ success[2m > [22mtransitions to success when API responds (before skeleton timer)[39m
[31m     ΓåÆ expected 'error' to be 'success' // Object.is equality

Ignored nodes: comments, script, style
[36m<html>[31m
  [36m<head />[31m
  [36m<body>[31m
    [36m<div />[31m
  [36m</body>[31m
[36m</html>[31m[39m
[31m     ΓåÆ Timers are not mocked. Try calling "vi.useFakeTimers()" first.[39m

[31mΓÄ»ΓÄ»ΓÄ»ΓÄ»ΓÄ»ΓÄ»ΓÄ»[1m[7m Failed Tests 2 [27m[22mΓÄ»ΓÄ»ΓÄ»ΓÄ»ΓÄ»ΓÄ»ΓÄ»[39m



[31m[1m[7m FAIL [27m[22m[39m tests/components/SummaryMetrics.test.jsx[2m > [22mSummaryMetrics Component[2m > 
[22mEdge Cases[2m > [22mhandles fractional amounts (rounded to 2dp)

[31m[1mAssertionError[22m: expected 'Γé╣1,000.56' to match /\.00$/[39m


[32m- Expected:[39m 
/\.00$/

[31m+ Received:[39m 
"Γé╣1,000.56"


[36m [2mΓ¥»[22m tests/components/SummaryMetrics.test.jsx:[2m221:35[22m[39m

    [90m219| [39m      [35mconst[39m metricValues [33m=[39m 
container[33m.[39m[34mquerySelectorAll[39m([32m'.metric-card__v[39mΓÇª
    [90m220| [39m      metricValues[33m.[39m[34mforEach[39m(value [33m=>[39m {
    [90m221| [39m        
[34mexpect[39m(value[33m.[39mtextContent)[33m.[39m[34mtoMatch[39m([36m/\.00$/[39m)[33m;[39m
    [90m   | [39m                                  [31m^[39m
    [90m222| [39m      })[33m;[39m
    [90m223| [39m    })[33m;[39m

[90m [2mΓ¥»[22m tests/components/SummaryMetrics.test.jsx:[2m220:20[22m[39m



[31m[2mΓÄ»ΓÄ»ΓÄ»ΓÄ»ΓÄ»ΓÄ»ΓÄ»ΓÄ»ΓÄ»ΓÄ»ΓÄ»ΓÄ»ΓÄ»ΓÄ»ΓÄ»ΓÄ»ΓÄ»ΓÄ»ΓÄ»ΓÄ»ΓÄ»ΓÄ»ΓÄ»ΓÄ»[1/3]ΓÄ»[22m[39m


[31m[1m[7m FAIL [27m[22m[39m tests/hooks/useFileUpload.test.js[2m > [22museFileUpload Hook[2m > [22mState 
Machine: idle ΓåÆ loading ΓåÆ skeleton ΓåÆ success[2m > [22mtransitions to success when API responds (before 
skeleton timer)

[31m[1mAssertionError[22m: expected 'error' to be 'success' // Object.is equality

Ignored nodes: comments, script, style
[36m<html>[31m
  [36m<head />[31m
  [36m<body>[31m
    [36m<div />[31m
  [36m</body>[31m
[36m</html>[31m[39m


[32m- Expected[39m
[31m+ Received[39m

[32m- success[39m
[31m+ error[39m


[36m [2mΓ¥»[22m __vi_import_0__.waitFor.timeout tests/hooks/useFileUpload.test.js:[2m148:38[22m[39m

    [90m146| [39m
    [90m147| [39m      [35mawait[39m [34mwaitFor[39m(() [33m=>[39m {
    [90m148| [39m        
[34mexpect[39m(result[33m.[39mcurrent[33m.[39mstate)[33m.[39m[34mtoBe[39m([32m'success'[39m)[33m;[39m
    [90m   | [39m                                     [31m^[39m
    [90m149| [39m      }[33m,[39m { timeout[33m:[39m [34m5000[39m })[33m;[39m
    [90m150| [39m

[90m [2mΓ¥»[22m runWithExpensiveErrorDiagnosticsDisabled 
node_modules/@testing-library/react/node_modules/@testing-library/dom/dist/config.js:[2m47:12[22m[39m

[90m [2mΓ¥»[22m checkCallback 
node_modules/@testing-library/react/node_modules/@testing-library/dom/dist/wait-for.js:[2m124:77[22m[39m

[2m Test Files [22m [1m[31m2 failed[39m[22m[2m | [22m[1m[32m7 passed[39m[22m[90m (9)[39m
[90m [2mΓ¥»[22m Timeout.checkRealTimersCallback 
node_modules/@testing-library/react/node_modules/@testing-library/dom/dist/wait-for.js:[2m118:16[22m[39m

[31m[2mΓÄ»ΓÄ»ΓÄ»ΓÄ»ΓÄ»ΓÄ»ΓÄ»ΓÄ»ΓÄ»ΓÄ»ΓÄ»ΓÄ»ΓÄ»ΓÄ»ΓÄ»ΓÄ»ΓÄ»ΓÄ»ΓÄ»ΓÄ»ΓÄ»ΓÄ»ΓÄ»ΓÄ»[2/3]ΓÄ»[22m[39m

[31m[1m[7m FAIL [27m[22m[39m tests/hooks/useFileUpload.test.js[2m > [22museFileUpload Hook[2m > [22mState 
Machine: idle ΓåÆ loading ΓåÆ skeleton ΓåÆ success[2m > [22mtransitions to success when API responds (before 
skeleton timer)
[31m[1mError[22m: Timers are not mocked. Try calling "vi.useFakeTimers()" first.[39m
[36m [2mΓ¥»[22m tests/hooks/useFileUpload.test.js:[2m34:8[22m[39m
    [90m 32| [39m
    [90m 33| [39m  [34mafterEach[39m(() [33m=>[39m {
    [90m 34| [39m    vi[33m.[39m[34mrunOnlyPendingTimers[39m()[33m;[39m
    [90m   | [39m       [31m^[39m
    [90m 35| [39m    vi[33m.[39m[34museRealTimers[39m()[33m;[39m
    [90m 36| [39m  })[33m;[39m

[31m[2mΓÄ»ΓÄ»ΓÄ»ΓÄ»ΓÄ»ΓÄ»ΓÄ»ΓÄ»ΓÄ»ΓÄ»ΓÄ»ΓÄ»ΓÄ»ΓÄ»ΓÄ»ΓÄ»ΓÄ»ΓÄ»ΓÄ»ΓÄ»ΓÄ»ΓÄ»ΓÄ»ΓÄ»[3/3]ΓÄ»[22m[39m


[2m      Tests [22m [1m[31m2 failed[39m[22m[2m | [22m[1m[32m167 passed[39m[22m[90m (169)[39m
[2m   Start at [22m 12:50:08
[2m   Duration [22m 12.63s[2m (transform 1.03s, setup 6.27s, collect 1.80s, tests 10.82s, environment 11.44s, prepare 2.91s)[22m

